// Jest Snapshot v1, https://goo.gl/fbAQLP

exports[`Checker Tests Component Should Match Snapshot 1`] = `
<span
  className="Checker-container-61"
>
  <span
    className="MuiTypography-root Checker-inside-62 MuiTypography-body2 MuiTypography-colorTextPrimary"
  />
  <span
    className="MuiSwitch-root MuiSwitch-edgeEnd"
  >
    <span
      aria-disabled={false}
      className="MuiButtonBase-root MuiIconButton-root PrivateSwitchBase-root-105 MuiSwitch-switchBase MuiSwitch-colorSecondary"
      onBlur={[Function]}
      onDragLeave={[Function]}
      onFocus={[Function]}
      onKeyDown={[Function]}
      onKeyUp={[Function]}
      onMouseDown={[Function]}
      onMouseLeave={[Function]}
      onMouseUp={[Function]}
      onTouchEnd={[Function]}
      onTouchMove={[Function]}
      onTouchStart={[Function]}
      tabIndex={null}
    >
      <span
        className="MuiIconButton-label"
      >
        <span
          className="MuiSwitch-thumb"
        />
        <input
          aria-labelledby="switch-list-label-wifi"
          className="PrivateSwitchBase-input-108 MuiSwitch-input"
          onChange={[Function]}
          type="checkbox"
        />
      </span>
    </span>
    <span
      className="MuiSwitch-track"
    />
  </span>
</span>
`;
